<html>
<body>
<pre>
<h1>µVision Build Log</h1>
<h2>Tool Versions:</h2>
IDE-Version: µVision V5.38.0.0
Copyright (C) 2022 ARM Ltd and ARM Germany GmbH. All rights reserved.
License Information: huy pham, huyphamactor.com, LIC=585FJ-UIAJI-UHD8H-WP871-2EWBH-J9H8J
 
Tool Versions:
Toolchain:       MDK-ARM Plus  Version: 5.31.0.0
Toolchain Path:  D:\Embedded System\Project\KeilC\ARM\ARMCLANG\Bin
C Compiler:      ArmClang.exe V6.14
Assembler:       Armasm.exe V6.14
Linker/Locator:  ArmLink.exe V6.14
Library Manager: ArmAr.exe V6.14
Hex Converter:   FromElf.exe V6.14
CPU DLL:         SARMCM3.DLL V5.31.0.0
Dialog DLL:      DCM.DLL
Target DLL:      STLink\ST-LINKIII-KEIL_SWO.dll V3.0.7.0
Dialog DLL:      TCM.DLL
 
<h2>Project:</h2>
D:\Embedded System\Project\B9_DMA\B9_DMA.uvprojx
Project File Date:  09/28/2025

<h2>Output:</h2>
*** Using Compiler 'V6.14', folder: 'D:\Embedded System\Project\KeilC\ARM\ARMCLANG\Bin'
*** Note: Rebuilding project, since 'Options->Output->Create Batch File' is selected.
Rebuild target 'Target 1'
compiling main.c...
main.c(22): warning: implicit conversion changes signedness: 'int' to 'unsigned int' [-Wsign-conversion]
        GPIOA->CRL &= ~(0xF<<4);
                   ~~ ^~~~~~~~~
main.c(43): warning: implicit conversion changes signedness: 'int' to 'unsigned int' [-Wsign-conversion]
        GPIOA->CRH &= ~(0xF<<4);
                   ~~ ^~~~~~~~~
main.c(47): warning: implicit conversion changes signedness: 'int' to 'unsigned int' [-Wsign-conversion]
        GPIOA->CRH &= ~(0xF<<8);
                   ~~ ^~~~~~~~~
main.c(74): warning: implicit conversion changes signedness: 'int' to 'unsigned int' [-Wsign-conversion]
        ADC1->SMPR2 &= ~(7<<3);
                    ~~ ^~~~~~~
main.c(115): warning: implicit conversion increases floating-point precision: 'float' to 'double' [-Wdouble-promotion]
            sprintf(buff, "ADC[%d]=%u  Voltage[%d]=%.2f\r\n", i, adc_buf[i], i, Volt[i]);
            ~~~~~~~                                                             ^~~~~~~
main.c(107): warning: no previous prototype for function 'DMA1_Channel1_IRQHandler' [-Wmissing-prototypes]
void DMA1_Channel1_IRQHandler(void){
     ^
main.c(107): note: declare 'static' if the function is not intended to be used outside of this translation unit
void DMA1_Channel1_IRQHandler(void){
^
static 
main.c(131): warning: no newline at end of file [-Wnewline-eof]
}
 ^
7 warnings generated.
assembling startup_stm32f10x_md.s...
compiling system_stm32f10x.c...
RTE/Device/STM32F103C8/system_stm32f10x.c(166): warning: no previous extern declaration for non-static variable 'AHBPrescTable' [-Wmissing-variable-declarations]
__I uint8_t AHBPrescTable[16] = {0, 0, 0, 0, 0, 0, 0, 0, 1, 2, 3, 4, 6, 7, 8, 9};
            ^
RTE/Device/STM32F103C8/system_stm32f10x.c(166): note: declare 'static' if the variable is not intended to be used outside of this translation unit
__I uint8_t AHBPrescTable[16] = {0, 0, 0, 0, 0, 0, 0, 0, 1, 2, 3, 4, 6, 7, 8, 9};
    ^
1 warning generated.
linking...
Program Size: Code=6620 RO-data=428 RW-data=0 ZI-data=1664  
FromELF: creating hex file...
".\Objects\B9_DMA.axf" - 0 Error(s), 8 Warning(s).

<h2>Software Packages used:</h2>

Package Vendor: ARM
                https://www.keil.com/pack/ARM.CMSIS.6.2.0.pack
                ARM.CMSIS.6.2.0
                CMSIS (Common Microcontroller Software Interface Standard)
   * Component: CORE Version: 6.1.1

Package Vendor: Keil
                https://www.keil.com/pack/Keil.STM32F1xx_DFP.2.4.1.pack
                Keil.STM32F1xx_DFP.2.4.1
                STMicroelectronics STM32F1 Series Device Support, Drivers and Examples
   * Component: Startup Version: 1.0.0

<h2>Collection of Component include folders:</h2>
  ./RTE/Device/STM32F103C8
  ./RTE/_Target_1
  C:/Users/Admin/Desktop/Nhat/THCS/KeilC/ARM/CMSIS/6.2.0/CMSIS/Core/Include
  C:/Users/Admin/Desktop/Nhat/THCS/KeilC/Keil/STM32F1xx_DFP/2.4.1/Device/Include

<h2>Collection of Component Files used:</h2>

   * Component: ARM::CMSIS:CORE:6.1.1

   * Component: Keil::Device:Startup:1.0.0
      Source file:   Device/Source/ARM/startup_stm32f10x_md.s
      Include file:  RTE_Driver/Config/RTE_Device.h
      Source file:   Device/Source/system_stm32f10x.c
      Source file:   Device/Source/ARM/STM32F1xx_OPT.s
Build Time Elapsed:  00:00:01
</pre>
</body>
</html>
