Component: ARM Compiler 6.14 Tool: armlink [5db06800]

==============================================================================

Section Cross References

    misc.o(.ARM.exidx.text.NVIC_PriorityGroupConfig) refers to misc.o(.text.NVIC_PriorityGroupConfig) for [Anonymous Symbol]
    misc.o(.ARM.exidx.text.NVIC_Init) refers to misc.o(.text.NVIC_Init) for [Anonymous Symbol]
    misc.o(.ARM.exidx.text.NVIC_SetVectorTable) refers to misc.o(.text.NVIC_SetVectorTable) for [Anonymous Symbol]
    misc.o(.ARM.exidx.text.NVIC_SystemLPConfig) refers to misc.o(.text.NVIC_SystemLPConfig) for [Anonymous Symbol]
    misc.o(.ARM.exidx.text.SysTick_CLKSourceConfig) refers to misc.o(.text.SysTick_CLKSourceConfig) for [Anonymous Symbol]
    stm32f10x_exti.o(.ARM.exidx.text.EXTI_DeInit) refers to stm32f10x_exti.o(.text.EXTI_DeInit) for [Anonymous Symbol]
    stm32f10x_exti.o(.ARM.exidx.text.EXTI_Init) refers to stm32f10x_exti.o(.text.EXTI_Init) for [Anonymous Symbol]
    stm32f10x_exti.o(.ARM.exidx.text.EXTI_StructInit) refers to stm32f10x_exti.o(.text.EXTI_StructInit) for [Anonymous Symbol]
    stm32f10x_exti.o(.ARM.exidx.text.EXTI_GenerateSWInterrupt) refers to stm32f10x_exti.o(.text.EXTI_GenerateSWInterrupt) for [Anonymous Symbol]
    stm32f10x_exti.o(.ARM.exidx.text.EXTI_GetFlagStatus) refers to stm32f10x_exti.o(.text.EXTI_GetFlagStatus) for [Anonymous Symbol]
    stm32f10x_exti.o(.ARM.exidx.text.EXTI_ClearFlag) refers to stm32f10x_exti.o(.text.EXTI_ClearFlag) for [Anonymous Symbol]
    stm32f10x_exti.o(.ARM.exidx.text.EXTI_GetITStatus) refers to stm32f10x_exti.o(.text.EXTI_GetITStatus) for [Anonymous Symbol]
    stm32f10x_exti.o(.ARM.exidx.text.EXTI_ClearITPendingBit) refers to stm32f10x_exti.o(.text.EXTI_ClearITPendingBit) for [Anonymous Symbol]
    stm32f10x_flash.o(.ARM.exidx.text.FLASH_SetLatency) refers to stm32f10x_flash.o(.text.FLASH_SetLatency) for [Anonymous Symbol]
    stm32f10x_flash.o(.ARM.exidx.text.FLASH_HalfCycleAccessCmd) refers to stm32f10x_flash.o(.text.FLASH_HalfCycleAccessCmd) for [Anonymous Symbol]
    stm32f10x_flash.o(.ARM.exidx.text.FLASH_PrefetchBufferCmd) refers to stm32f10x_flash.o(.text.FLASH_PrefetchBufferCmd) for [Anonymous Symbol]
    stm32f10x_flash.o(.ARM.exidx.text.FLASH_Unlock) refers to stm32f10x_flash.o(.text.FLASH_Unlock) for [Anonymous Symbol]
    stm32f10x_flash.o(.ARM.exidx.text.FLASH_UnlockBank1) refers to stm32f10x_flash.o(.text.FLASH_UnlockBank1) for [Anonymous Symbol]
    stm32f10x_flash.o(.ARM.exidx.text.FLASH_Lock) refers to stm32f10x_flash.o(.text.FLASH_Lock) for [Anonymous Symbol]
    stm32f10x_flash.o(.ARM.exidx.text.FLASH_LockBank1) refers to stm32f10x_flash.o(.text.FLASH_LockBank1) for [Anonymous Symbol]
    stm32f10x_flash.o(.text.FLASH_ErasePage) refers to stm32f10x_flash.o(.text.FLASH_WaitForLastOperation) for FLASH_WaitForLastOperation
    stm32f10x_flash.o(.ARM.exidx.text.FLASH_ErasePage) refers to stm32f10x_flash.o(.text.FLASH_ErasePage) for [Anonymous Symbol]
    stm32f10x_flash.o(.text.FLASH_WaitForLastOperation) refers to stm32f10x_flash.o(.text.FLASH_GetBank1Status) for FLASH_GetBank1Status
    stm32f10x_flash.o(.ARM.exidx.text.FLASH_WaitForLastOperation) refers to stm32f10x_flash.o(.text.FLASH_WaitForLastOperation) for [Anonymous Symbol]
    stm32f10x_flash.o(.text.FLASH_EraseAllPages) refers to stm32f10x_flash.o(.text.FLASH_WaitForLastOperation) for FLASH_WaitForLastOperation
    stm32f10x_flash.o(.ARM.exidx.text.FLASH_EraseAllPages) refers to stm32f10x_flash.o(.text.FLASH_EraseAllPages) for [Anonymous Symbol]
    stm32f10x_flash.o(.text.FLASH_EraseAllBank1Pages) refers to stm32f10x_flash.o(.text.FLASH_WaitForLastBank1Operation) for FLASH_WaitForLastBank1Operation
    stm32f10x_flash.o(.ARM.exidx.text.FLASH_EraseAllBank1Pages) refers to stm32f10x_flash.o(.text.FLASH_EraseAllBank1Pages) for [Anonymous Symbol]
    stm32f10x_flash.o(.text.FLASH_WaitForLastBank1Operation) refers to stm32f10x_flash.o(.text.FLASH_GetBank1Status) for FLASH_GetBank1Status
    stm32f10x_flash.o(.ARM.exidx.text.FLASH_WaitForLastBank1Operation) refers to stm32f10x_flash.o(.text.FLASH_WaitForLastBank1Operation) for [Anonymous Symbol]
    stm32f10x_flash.o(.text.FLASH_EraseOptionBytes) refers to stm32f10x_flash.o(.text.FLASH_GetReadOutProtectionStatus) for FLASH_GetReadOutProtectionStatus
    stm32f10x_flash.o(.text.FLASH_EraseOptionBytes) refers to stm32f10x_flash.o(.text.FLASH_WaitForLastOperation) for FLASH_WaitForLastOperation
    stm32f10x_flash.o(.ARM.exidx.text.FLASH_EraseOptionBytes) refers to stm32f10x_flash.o(.text.FLASH_EraseOptionBytes) for [Anonymous Symbol]
    stm32f10x_flash.o(.ARM.exidx.text.FLASH_GetReadOutProtectionStatus) refers to stm32f10x_flash.o(.text.FLASH_GetReadOutProtectionStatus) for [Anonymous Symbol]
    stm32f10x_flash.o(.text.FLASH_ProgramWord) refers to stm32f10x_flash.o(.text.FLASH_WaitForLastOperation) for FLASH_WaitForLastOperation
    stm32f10x_flash.o(.ARM.exidx.text.FLASH_ProgramWord) refers to stm32f10x_flash.o(.text.FLASH_ProgramWord) for [Anonymous Symbol]
    stm32f10x_flash.o(.text.FLASH_ProgramHalfWord) refers to stm32f10x_flash.o(.text.FLASH_WaitForLastOperation) for FLASH_WaitForLastOperation
    stm32f10x_flash.o(.ARM.exidx.text.FLASH_ProgramHalfWord) refers to stm32f10x_flash.o(.text.FLASH_ProgramHalfWord) for [Anonymous Symbol]
    stm32f10x_flash.o(.text.FLASH_ProgramOptionByteData) refers to stm32f10x_flash.o(.text.FLASH_WaitForLastOperation) for FLASH_WaitForLastOperation
    stm32f10x_flash.o(.ARM.exidx.text.FLASH_ProgramOptionByteData) refers to stm32f10x_flash.o(.text.FLASH_ProgramOptionByteData) for [Anonymous Symbol]
    stm32f10x_flash.o(.text.FLASH_EnableWriteProtection) refers to stm32f10x_flash.o(.text.FLASH_WaitForLastOperation) for FLASH_WaitForLastOperation
    stm32f10x_flash.o(.ARM.exidx.text.FLASH_EnableWriteProtection) refers to stm32f10x_flash.o(.text.FLASH_EnableWriteProtection) for [Anonymous Symbol]
    stm32f10x_flash.o(.text.FLASH_ReadOutProtection) refers to stm32f10x_flash.o(.text.FLASH_WaitForLastOperation) for FLASH_WaitForLastOperation
    stm32f10x_flash.o(.ARM.exidx.text.FLASH_ReadOutProtection) refers to stm32f10x_flash.o(.text.FLASH_ReadOutProtection) for [Anonymous Symbol]
    stm32f10x_flash.o(.text.FLASH_UserOptionByteConfig) refers to stm32f10x_flash.o(.text.FLASH_WaitForLastOperation) for FLASH_WaitForLastOperation
    stm32f10x_flash.o(.ARM.exidx.text.FLASH_UserOptionByteConfig) refers to stm32f10x_flash.o(.text.FLASH_UserOptionByteConfig) for [Anonymous Symbol]
    stm32f10x_flash.o(.ARM.exidx.text.FLASH_GetUserOptionByte) refers to stm32f10x_flash.o(.text.FLASH_GetUserOptionByte) for [Anonymous Symbol]
    stm32f10x_flash.o(.ARM.exidx.text.FLASH_GetWriteProtectionOptionByte) refers to stm32f10x_flash.o(.text.FLASH_GetWriteProtectionOptionByte) for [Anonymous Symbol]
    stm32f10x_flash.o(.ARM.exidx.text.FLASH_GetPrefetchBufferStatus) refers to stm32f10x_flash.o(.text.FLASH_GetPrefetchBufferStatus) for [Anonymous Symbol]
    stm32f10x_flash.o(.ARM.exidx.text.FLASH_ITConfig) refers to stm32f10x_flash.o(.text.FLASH_ITConfig) for [Anonymous Symbol]
    stm32f10x_flash.o(.ARM.exidx.text.FLASH_GetFlagStatus) refers to stm32f10x_flash.o(.text.FLASH_GetFlagStatus) for [Anonymous Symbol]
    stm32f10x_flash.o(.ARM.exidx.text.FLASH_ClearFlag) refers to stm32f10x_flash.o(.text.FLASH_ClearFlag) for [Anonymous Symbol]
    stm32f10x_flash.o(.ARM.exidx.text.FLASH_GetStatus) refers to stm32f10x_flash.o(.text.FLASH_GetStatus) for [Anonymous Symbol]
    stm32f10x_flash.o(.ARM.exidx.text.FLASH_GetBank1Status) refers to stm32f10x_flash.o(.text.FLASH_GetBank1Status) for [Anonymous Symbol]
    stm32f10x_rcc.o(.ARM.exidx.text.RCC_DeInit) refers to stm32f10x_rcc.o(.text.RCC_DeInit) for [Anonymous Symbol]
    stm32f10x_rcc.o(.ARM.exidx.text.RCC_HSEConfig) refers to stm32f10x_rcc.o(.text.RCC_HSEConfig) for [Anonymous Symbol]
    stm32f10x_rcc.o(.text.RCC_WaitForHSEStartUp) refers to stm32f10x_rcc.o(.text.RCC_GetFlagStatus) for RCC_GetFlagStatus
    stm32f10x_rcc.o(.ARM.exidx.text.RCC_WaitForHSEStartUp) refers to stm32f10x_rcc.o(.text.RCC_WaitForHSEStartUp) for [Anonymous Symbol]
    stm32f10x_rcc.o(.ARM.exidx.text.RCC_GetFlagStatus) refers to stm32f10x_rcc.o(.text.RCC_GetFlagStatus) for [Anonymous Symbol]
    stm32f10x_rcc.o(.ARM.exidx.text.RCC_AdjustHSICalibrationValue) refers to stm32f10x_rcc.o(.text.RCC_AdjustHSICalibrationValue) for [Anonymous Symbol]
    stm32f10x_rcc.o(.ARM.exidx.text.RCC_HSICmd) refers to stm32f10x_rcc.o(.text.RCC_HSICmd) for [Anonymous Symbol]
    stm32f10x_rcc.o(.ARM.exidx.text.RCC_PLLConfig) refers to stm32f10x_rcc.o(.text.RCC_PLLConfig) for [Anonymous Symbol]
    stm32f10x_rcc.o(.ARM.exidx.text.RCC_PLLCmd) refers to stm32f10x_rcc.o(.text.RCC_PLLCmd) for [Anonymous Symbol]
    stm32f10x_rcc.o(.ARM.exidx.text.RCC_SYSCLKConfig) refers to stm32f10x_rcc.o(.text.RCC_SYSCLKConfig) for [Anonymous Symbol]
    stm32f10x_rcc.o(.ARM.exidx.text.RCC_GetSYSCLKSource) refers to stm32f10x_rcc.o(.text.RCC_GetSYSCLKSource) for [Anonymous Symbol]
    stm32f10x_rcc.o(.ARM.exidx.text.RCC_HCLKConfig) refers to stm32f10x_rcc.o(.text.RCC_HCLKConfig) for [Anonymous Symbol]
    stm32f10x_rcc.o(.ARM.exidx.text.RCC_PCLK1Config) refers to stm32f10x_rcc.o(.text.RCC_PCLK1Config) for [Anonymous Symbol]
    stm32f10x_rcc.o(.ARM.exidx.text.RCC_PCLK2Config) refers to stm32f10x_rcc.o(.text.RCC_PCLK2Config) for [Anonymous Symbol]
    stm32f10x_rcc.o(.ARM.exidx.text.RCC_ITConfig) refers to stm32f10x_rcc.o(.text.RCC_ITConfig) for [Anonymous Symbol]
    stm32f10x_rcc.o(.ARM.exidx.text.RCC_USBCLKConfig) refers to stm32f10x_rcc.o(.text.RCC_USBCLKConfig) for [Anonymous Symbol]
    stm32f10x_rcc.o(.ARM.exidx.text.RCC_ADCCLKConfig) refers to stm32f10x_rcc.o(.text.RCC_ADCCLKConfig) for [Anonymous Symbol]
    stm32f10x_rcc.o(.ARM.exidx.text.RCC_LSEConfig) refers to stm32f10x_rcc.o(.text.RCC_LSEConfig) for [Anonymous Symbol]
    stm32f10x_rcc.o(.ARM.exidx.text.RCC_LSICmd) refers to stm32f10x_rcc.o(.text.RCC_LSICmd) for [Anonymous Symbol]
    stm32f10x_rcc.o(.ARM.exidx.text.RCC_RTCCLKConfig) refers to stm32f10x_rcc.o(.text.RCC_RTCCLKConfig) for [Anonymous Symbol]
    stm32f10x_rcc.o(.ARM.exidx.text.RCC_RTCCLKCmd) refers to stm32f10x_rcc.o(.text.RCC_RTCCLKCmd) for [Anonymous Symbol]
    stm32f10x_rcc.o(.text.RCC_GetClocksFreq) refers to stm32f10x_rcc.o(.rodata.APBAHBPrescTable) for APBAHBPrescTable
    stm32f10x_rcc.o(.text.RCC_GetClocksFreq) refers to stm32f10x_rcc.o(.rodata.ADCPrescTable) for ADCPrescTable
    stm32f10x_rcc.o(.ARM.exidx.text.RCC_GetClocksFreq) refers to stm32f10x_rcc.o(.text.RCC_GetClocksFreq) for [Anonymous Symbol]
    stm32f10x_rcc.o(.ARM.exidx.text.RCC_AHBPeriphClockCmd) refers to stm32f10x_rcc.o(.text.RCC_AHBPeriphClockCmd) for [Anonymous Symbol]
    stm32f10x_rcc.o(.ARM.exidx.text.RCC_APB2PeriphClockCmd) refers to stm32f10x_rcc.o(.text.RCC_APB2PeriphClockCmd) for [Anonymous Symbol]
    stm32f10x_rcc.o(.ARM.exidx.text.RCC_APB1PeriphClockCmd) refers to stm32f10x_rcc.o(.text.RCC_APB1PeriphClockCmd) for [Anonymous Symbol]
    stm32f10x_rcc.o(.ARM.exidx.text.RCC_APB2PeriphResetCmd) refers to stm32f10x_rcc.o(.text.RCC_APB2PeriphResetCmd) for [Anonymous Symbol]
    stm32f10x_rcc.o(.ARM.exidx.text.RCC_APB1PeriphResetCmd) refers to stm32f10x_rcc.o(.text.RCC_APB1PeriphResetCmd) for [Anonymous Symbol]
    stm32f10x_rcc.o(.ARM.exidx.text.RCC_BackupResetCmd) refers to stm32f10x_rcc.o(.text.RCC_BackupResetCmd) for [Anonymous Symbol]
    stm32f10x_rcc.o(.ARM.exidx.text.RCC_ClockSecuritySystemCmd) refers to stm32f10x_rcc.o(.text.RCC_ClockSecuritySystemCmd) for [Anonymous Symbol]
    stm32f10x_rcc.o(.ARM.exidx.text.RCC_MCOConfig) refers to stm32f10x_rcc.o(.text.RCC_MCOConfig) for [Anonymous Symbol]
    stm32f10x_rcc.o(.ARM.exidx.text.RCC_ClearFlag) refers to stm32f10x_rcc.o(.text.RCC_ClearFlag) for [Anonymous Symbol]
    stm32f10x_rcc.o(.ARM.exidx.text.RCC_GetITStatus) refers to stm32f10x_rcc.o(.text.RCC_GetITStatus) for [Anonymous Symbol]
    stm32f10x_rcc.o(.ARM.exidx.text.RCC_ClearITPendingBit) refers to stm32f10x_rcc.o(.text.RCC_ClearITPendingBit) for [Anonymous Symbol]
    stm32f10x_usart.o(.text.USART_DeInit) refers to stm32f10x_rcc.o(.text.RCC_APB2PeriphResetCmd) for RCC_APB2PeriphResetCmd
    stm32f10x_usart.o(.text.USART_DeInit) refers to stm32f10x_rcc.o(.text.RCC_APB1PeriphResetCmd) for RCC_APB1PeriphResetCmd
    stm32f10x_usart.o(.ARM.exidx.text.USART_DeInit) refers to stm32f10x_usart.o(.text.USART_DeInit) for [Anonymous Symbol]
    stm32f10x_usart.o(.text.USART_Init) refers to stm32f10x_rcc.o(.text.RCC_GetClocksFreq) for RCC_GetClocksFreq
    stm32f10x_usart.o(.ARM.exidx.text.USART_Init) refers to stm32f10x_usart.o(.text.USART_Init) for [Anonymous Symbol]
    stm32f10x_usart.o(.ARM.exidx.text.USART_StructInit) refers to stm32f10x_usart.o(.text.USART_StructInit) for [Anonymous Symbol]
    stm32f10x_usart.o(.ARM.exidx.text.USART_ClockInit) refers to stm32f10x_usart.o(.text.USART_ClockInit) for [Anonymous Symbol]
    stm32f10x_usart.o(.ARM.exidx.text.USART_ClockStructInit) refers to stm32f10x_usart.o(.text.USART_ClockStructInit) for [Anonymous Symbol]
    stm32f10x_usart.o(.ARM.exidx.text.USART_Cmd) refers to stm32f10x_usart.o(.text.USART_Cmd) for [Anonymous Symbol]
    stm32f10x_usart.o(.ARM.exidx.text.USART_ITConfig) refers to stm32f10x_usart.o(.text.USART_ITConfig) for [Anonymous Symbol]
    stm32f10x_usart.o(.ARM.exidx.text.USART_DMACmd) refers to stm32f10x_usart.o(.text.USART_DMACmd) for [Anonymous Symbol]
    stm32f10x_usart.o(.ARM.exidx.text.USART_SetAddress) refers to stm32f10x_usart.o(.text.USART_SetAddress) for [Anonymous Symbol]
    stm32f10x_usart.o(.ARM.exidx.text.USART_WakeUpConfig) refers to stm32f10x_usart.o(.text.USART_WakeUpConfig) for [Anonymous Symbol]
    stm32f10x_usart.o(.ARM.exidx.text.USART_ReceiverWakeUpCmd) refers to stm32f10x_usart.o(.text.USART_ReceiverWakeUpCmd) for [Anonymous Symbol]
    stm32f10x_usart.o(.ARM.exidx.text.USART_LINBreakDetectLengthConfig) refers to stm32f10x_usart.o(.text.USART_LINBreakDetectLengthConfig) for [Anonymous Symbol]
    stm32f10x_usart.o(.ARM.exidx.text.USART_LINCmd) refers to stm32f10x_usart.o(.text.USART_LINCmd) for [Anonymous Symbol]
    stm32f10x_usart.o(.ARM.exidx.text.USART_SendData) refers to stm32f10x_usart.o(.text.USART_SendData) for [Anonymous Symbol]
    stm32f10x_usart.o(.ARM.exidx.text.USART_ReceiveData) refers to stm32f10x_usart.o(.text.USART_ReceiveData) for [Anonymous Symbol]
    stm32f10x_usart.o(.ARM.exidx.text.USART_SendBreak) refers to stm32f10x_usart.o(.text.USART_SendBreak) for [Anonymous Symbol]
    stm32f10x_usart.o(.ARM.exidx.text.USART_SetGuardTime) refers to stm32f10x_usart.o(.text.USART_SetGuardTime) for [Anonymous Symbol]
    stm32f10x_usart.o(.ARM.exidx.text.USART_SetPrescaler) refers to stm32f10x_usart.o(.text.USART_SetPrescaler) for [Anonymous Symbol]
    stm32f10x_usart.o(.ARM.exidx.text.USART_SmartCardCmd) refers to stm32f10x_usart.o(.text.USART_SmartCardCmd) for [Anonymous Symbol]
    stm32f10x_usart.o(.ARM.exidx.text.USART_SmartCardNACKCmd) refers to stm32f10x_usart.o(.text.USART_SmartCardNACKCmd) for [Anonymous Symbol]
    stm32f10x_usart.o(.ARM.exidx.text.USART_HalfDuplexCmd) refers to stm32f10x_usart.o(.text.USART_HalfDuplexCmd) for [Anonymous Symbol]
    stm32f10x_usart.o(.ARM.exidx.text.USART_OverSampling8Cmd) refers to stm32f10x_usart.o(.text.USART_OverSampling8Cmd) for [Anonymous Symbol]
    stm32f10x_usart.o(.ARM.exidx.text.USART_OneBitMethodCmd) refers to stm32f10x_usart.o(.text.USART_OneBitMethodCmd) for [Anonymous Symbol]
    stm32f10x_usart.o(.ARM.exidx.text.USART_IrDAConfig) refers to stm32f10x_usart.o(.text.USART_IrDAConfig) for [Anonymous Symbol]
    stm32f10x_usart.o(.ARM.exidx.text.USART_IrDACmd) refers to stm32f10x_usart.o(.text.USART_IrDACmd) for [Anonymous Symbol]
    stm32f10x_usart.o(.ARM.exidx.text.USART_GetFlagStatus) refers to stm32f10x_usart.o(.text.USART_GetFlagStatus) for [Anonymous Symbol]
    stm32f10x_usart.o(.ARM.exidx.text.USART_ClearFlag) refers to stm32f10x_usart.o(.text.USART_ClearFlag) for [Anonymous Symbol]
    stm32f10x_usart.o(.ARM.exidx.text.USART_GetITStatus) refers to stm32f10x_usart.o(.text.USART_GetITStatus) for [Anonymous Symbol]
    stm32f10x_usart.o(.ARM.exidx.text.USART_ClearITPendingBit) refers to stm32f10x_usart.o(.text.USART_ClearITPendingBit) for [Anonymous Symbol]
    dma_stm32f10x.o(.text.DMA_ChannelInitialize) refers to dma_stm32f10x.o(.text.__NVIC_ClearPendingIRQ) for __NVIC_ClearPendingIRQ
    dma_stm32f10x.o(.text.DMA_ChannelInitialize) refers to dma_stm32f10x.o(.text.__NVIC_EnableIRQ) for __NVIC_EnableIRQ
    dma_stm32f10x.o(.text.DMA_ChannelInitialize) refers to dma_stm32f10x.o(.bss.DMA1_Channel) for DMA1_Channel
    dma_stm32f10x.o(.ARM.exidx.text.DMA_ChannelInitialize) refers to dma_stm32f10x.o(.text.DMA_ChannelInitialize) for [Anonymous Symbol]
    dma_stm32f10x.o(.ARM.exidx.text.__NVIC_ClearPendingIRQ) refers to dma_stm32f10x.o(.text.__NVIC_ClearPendingIRQ) for [Anonymous Symbol]
    dma_stm32f10x.o(.ARM.exidx.text.__NVIC_EnableIRQ) refers to dma_stm32f10x.o(.text.__NVIC_EnableIRQ) for [Anonymous Symbol]
    dma_stm32f10x.o(.text.DMA_ChannelUninitialize) refers to dma_stm32f10x.o(.bss.DMA1_Channel) for DMA1_Channel
    dma_stm32f10x.o(.text.DMA_ChannelUninitialize) refers to dma_stm32f10x.o(.text.__NVIC_DisableIRQ) for __NVIC_DisableIRQ
    dma_stm32f10x.o(.ARM.exidx.text.DMA_ChannelUninitialize) refers to dma_stm32f10x.o(.text.DMA_ChannelUninitialize) for [Anonymous Symbol]
    dma_stm32f10x.o(.ARM.exidx.text.__NVIC_DisableIRQ) refers to dma_stm32f10x.o(.text.__NVIC_DisableIRQ) for [Anonymous Symbol]
    dma_stm32f10x.o(.ARM.exidx.text.DMA1_Channel1_Event) refers to dma_stm32f10x.o(.text.DMA1_Channel1_Event) for [Anonymous Symbol]
    dma_stm32f10x.o(.ARM.exidx.text.DMA1_Channel2_Event) refers to dma_stm32f10x.o(.text.DMA1_Channel2_Event) for [Anonymous Symbol]
    dma_stm32f10x.o(.ARM.exidx.text.DMA1_Channel3_Event) refers to dma_stm32f10x.o(.text.DMA1_Channel3_Event) for [Anonymous Symbol]
    dma_stm32f10x.o(.ARM.exidx.text.DMA1_Channel4_Event) refers to dma_stm32f10x.o(.text.DMA1_Channel4_Event) for [Anonymous Symbol]
    dma_stm32f10x.o(.ARM.exidx.text.DMA1_Channel5_Event) refers to dma_stm32f10x.o(.text.DMA1_Channel5_Event) for [Anonymous Symbol]
    dma_stm32f10x.o(.ARM.exidx.text.DMA1_Channel6_Event) refers to dma_stm32f10x.o(.text.DMA1_Channel6_Event) for [Anonymous Symbol]
    dma_stm32f10x.o(.ARM.exidx.text.DMA1_Channel7_Event) refers to dma_stm32f10x.o(.text.DMA1_Channel7_Event) for [Anonymous Symbol]
    dma_stm32f10x.o(.text.DMA1_Channel1_IRQHandler) refers to dma_stm32f10x.o(.text.DMA1_Channel1_Event) for DMA1_Channel1_Event
    dma_stm32f10x.o(.ARM.exidx.text.DMA1_Channel1_IRQHandler) refers to dma_stm32f10x.o(.text.DMA1_Channel1_IRQHandler) for [Anonymous Symbol]
    dma_stm32f10x.o(.text.DMA1_Channel2_IRQHandler) refers to dma_stm32f10x.o(.text.DMA1_Channel2_Event) for DMA1_Channel2_Event
    dma_stm32f10x.o(.ARM.exidx.text.DMA1_Channel2_IRQHandler) refers to dma_stm32f10x.o(.text.DMA1_Channel2_IRQHandler) for [Anonymous Symbol]
    dma_stm32f10x.o(.text.DMA1_Channel3_IRQHandler) refers to dma_stm32f10x.o(.text.DMA1_Channel3_Event) for DMA1_Channel3_Event
    dma_stm32f10x.o(.ARM.exidx.text.DMA1_Channel3_IRQHandler) refers to dma_stm32f10x.o(.text.DMA1_Channel3_IRQHandler) for [Anonymous Symbol]
    dma_stm32f10x.o(.text.DMA1_Channel4_IRQHandler) refers to dma_stm32f10x.o(.text.DMA1_Channel4_Event) for DMA1_Channel4_Event
    dma_stm32f10x.o(.ARM.exidx.text.DMA1_Channel4_IRQHandler) refers to dma_stm32f10x.o(.text.DMA1_Channel4_IRQHandler) for [Anonymous Symbol]
    dma_stm32f10x.o(.text.DMA1_Channel5_IRQHandler) refers to dma_stm32f10x.o(.text.DMA1_Channel5_Event) for DMA1_Channel5_Event
    dma_stm32f10x.o(.ARM.exidx.text.DMA1_Channel5_IRQHandler) refers to dma_stm32f10x.o(.text.DMA1_Channel5_IRQHandler) for [Anonymous Symbol]
    dma_stm32f10x.o(.text.DMA1_Channel6_IRQHandler) refers to dma_stm32f10x.o(.text.DMA1_Channel6_Event) for DMA1_Channel6_Event
    dma_stm32f10x.o(.ARM.exidx.text.DMA1_Channel6_IRQHandler) refers to dma_stm32f10x.o(.text.DMA1_Channel6_IRQHandler) for [Anonymous Symbol]
    dma_stm32f10x.o(.text.DMA1_Channel7_IRQHandler) refers to dma_stm32f10x.o(.text.DMA1_Channel7_Event) for DMA1_Channel7_Event
    dma_stm32f10x.o(.ARM.exidx.text.DMA1_Channel7_IRQHandler) refers to dma_stm32f10x.o(.text.DMA1_Channel7_IRQHandler) for [Anonymous Symbol]
    gpio_stm32f10x.o(.ARM.exidx.text.GPIO_PortClock) refers to gpio_stm32f10x.o(.text.GPIO_PortClock) for [Anonymous Symbol]
    gpio_stm32f10x.o(.ARM.exidx.text.GPIO_GetPortClockState) refers to gpio_stm32f10x.o(.text.GPIO_GetPortClockState) for [Anonymous Symbol]
    gpio_stm32f10x.o(.text.GPIO_PinConfigure) refers to gpio_stm32f10x.o(.text.GPIO_GetPortClockState) for GPIO_GetPortClockState
    gpio_stm32f10x.o(.text.GPIO_PinConfigure) refers to gpio_stm32f10x.o(.text.GPIO_PortClock) for GPIO_PortClock
    gpio_stm32f10x.o(.ARM.exidx.text.GPIO_PinConfigure) refers to gpio_stm32f10x.o(.text.GPIO_PinConfigure) for [Anonymous Symbol]
    gpio_stm32f10x.o(.ARM.exidx.text.GPIO_AFConfigure) refers to gpio_stm32f10x.o(.text.GPIO_AFConfigure) for [Anonymous Symbol]
    startup_stm32f10x_md.o(STACK) refers (Special) to heapauxi.o(.text) for __use_two_region_memory
    startup_stm32f10x_md.o(HEAP) refers (Special) to heapauxi.o(.text) for __use_two_region_memory
    startup_stm32f10x_md.o(RESET) refers (Special) to heapauxi.o(.text) for __use_two_region_memory
    startup_stm32f10x_md.o(RESET) refers to startup_stm32f10x_md.o(STACK) for __initial_sp
    startup_stm32f10x_md.o(RESET) refers to startup_stm32f10x_md.o(.text) for Reset_Handler
    startup_stm32f10x_md.o(RESET) refers to dma_stm32f10x.o(.text.DMA1_Channel1_IRQHandler) for DMA1_Channel1_IRQHandler
    startup_stm32f10x_md.o(RESET) refers to dma_stm32f10x.o(.text.DMA1_Channel2_IRQHandler) for DMA1_Channel2_IRQHandler
    startup_stm32f10x_md.o(RESET) refers to dma_stm32f10x.o(.text.DMA1_Channel3_IRQHandler) for DMA1_Channel3_IRQHandler
    startup_stm32f10x_md.o(RESET) refers to dma_stm32f10x.o(.text.DMA1_Channel4_IRQHandler) for DMA1_Channel4_IRQHandler
    startup_stm32f10x_md.o(RESET) refers to dma_stm32f10x.o(.text.DMA1_Channel5_IRQHandler) for DMA1_Channel5_IRQHandler
    startup_stm32f10x_md.o(RESET) refers to dma_stm32f10x.o(.text.DMA1_Channel6_IRQHandler) for DMA1_Channel6_IRQHandler
    startup_stm32f10x_md.o(RESET) refers to dma_stm32f10x.o(.text.DMA1_Channel7_IRQHandler) for DMA1_Channel7_IRQHandler
    startup_stm32f10x_md.o(.text) refers (Special) to heapauxi.o(.text) for __use_two_region_memory
    startup_stm32f10x_md.o(.text) refers to system_stm32f10x.o(.text.SystemInit) for SystemInit
    startup_stm32f10x_md.o(.text) refers to __main.o(!!!main) for __main
    startup_stm32f10x_md.o(.text) refers to startup_stm32f10x_md.o(HEAP) for Heap_Mem
    startup_stm32f10x_md.o(.text) refers to startup_stm32f10x_md.o(STACK) for Stack_Mem
    system_stm32f10x.o(.text.SystemInit) refers to system_stm32f10x.o(.text.SetSysClock) for SetSysClock
    system_stm32f10x.o(.ARM.exidx.text.SystemInit) refers to system_stm32f10x.o(.text.SystemInit) for [Anonymous Symbol]
    system_stm32f10x.o(.text.SetSysClock) refers to system_stm32f10x.o(.text.SetSysClockTo72) for SetSysClockTo72
    system_stm32f10x.o(.ARM.exidx.text.SetSysClock) refers to system_stm32f10x.o(.text.SetSysClock) for [Anonymous Symbol]
    system_stm32f10x.o(.text.SystemCoreClockUpdate) refers to system_stm32f10x.o(.data.SystemCoreClock) for SystemCoreClock
    system_stm32f10x.o(.text.SystemCoreClockUpdate) refers to system_stm32f10x.o(.rodata.AHBPrescTable) for AHBPrescTable
    system_stm32f10x.o(.ARM.exidx.text.SystemCoreClockUpdate) refers to system_stm32f10x.o(.text.SystemCoreClockUpdate) for [Anonymous Symbol]
    system_stm32f10x.o(.ARM.exidx.text.SetSysClockTo72) refers to system_stm32f10x.o(.text.SetSysClockTo72) for [Anonymous Symbol]
    __main.o(!!!main) refers to __rtentry.o(.ARM.Collect$$rtentry$$00000000) for __rt_entry
    __rtentry.o(.ARM.Collect$$rtentry$$00000000) refers (Special) to __rtentry2.o(.ARM.Collect$$rtentry$$0000000A) for __rt_entry_li
    __rtentry.o(.ARM.Collect$$rtentry$$00000000) refers (Special) to __rtentry2.o(.ARM.Collect$$rtentry$$0000000D) for __rt_entry_main
    __rtentry.o(.ARM.Collect$$rtentry$$00000000) refers (Special) to __rtentry2.o(.ARM.Collect$$rtentry$$0000000C) for __rt_entry_postli_1
    __rtentry.o(.ARM.Collect$$rtentry$$00000000) refers (Special) to __rtentry2.o(.ARM.Collect$$rtentry$$00000009) for __rt_entry_postsh_1
    __rtentry.o(.ARM.Collect$$rtentry$$00000000) refers (Special) to __rtentry2.o(.ARM.Collect$$rtentry$$00000002) for __rt_entry_presh_1
    __rtentry.o(.ARM.Collect$$rtentry$$00000000) refers (Special) to __rtentry4.o(.ARM.Collect$$rtentry$$00000004) for __rt_entry_sh
    __rtentry2.o(.ARM.Collect$$rtentry$$00000008) refers to boardinit2.o(.text) for _platform_post_stackheap_init
    __rtentry2.o(.ARM.Collect$$rtentry$$0000000A) refers to libinit.o(.ARM.Collect$$libinit$$00000000) for __rt_lib_init
    __rtentry2.o(.ARM.Collect$$rtentry$$0000000B) refers to boardinit3.o(.text) for _platform_post_lib_init
    __rtentry2.o(.ARM.Collect$$rtentry$$0000000D) refers to exit.o(.text) for exit
    __rtentry2.o(.ARM.exidx) refers to __rtentry2.o(.ARM.Collect$$rtentry$$00000001) for .ARM.Collect$$rtentry$$00000001
    __rtentry2.o(.ARM.exidx) refers to __rtentry2.o(.ARM.Collect$$rtentry$$00000008) for .ARM.Collect$$rtentry$$00000008
    __rtentry2.o(.ARM.exidx) refers to __rtentry2.o(.ARM.Collect$$rtentry$$0000000A) for .ARM.Collect$$rtentry$$0000000A
    __rtentry2.o(.ARM.exidx) refers to __rtentry2.o(.ARM.Collect$$rtentry$$0000000B) for .ARM.Collect$$rtentry$$0000000B
    __rtentry2.o(.ARM.exidx) refers to __rtentry2.o(.ARM.Collect$$rtentry$$0000000D) for .ARM.Collect$$rtentry$$0000000D
    __rtentry4.o(.ARM.Collect$$rtentry$$00000004) refers to sys_stackheap_outer.o(.text) for __user_setup_stackheap
    __rtentry4.o(.ARM.exidx) refers to __rtentry4.o(.ARM.Collect$$rtentry$$00000004) for .ARM.Collect$$rtentry$$00000004
    sys_stackheap_outer.o(.text) refers to libspace.o(.text) for __user_perproc_libspace
    sys_stackheap_outer.o(.text) refers to startup_stm32f10x_md.o(.text) for __user_initial_stackheap
    exit.o(.text) refers to rtexit.o(.ARM.Collect$$rtexit$$00000000) for __rt_exit
    libinit.o(.ARM.Collect$$libinit$$00000000) refers (Special) to libinit2.o(.ARM.Collect$$libinit$$0000002E) for __rt_lib_init_alloca_1
    libinit.o(.ARM.Collect$$libinit$$00000000) refers (Special) to libinit2.o(.ARM.Collect$$libinit$$00000027) for __rt_lib_init_argv_1
    libinit.o(.ARM.Collect$$libinit$$00000000) refers (Special) to libinit2.o(.ARM.Collect$$libinit$$0000001B) for __rt_lib_init_atexit_1
    libinit.o(.ARM.Collect$$libinit$$00000000) refers (Special) to libinit2.o(.ARM.Collect$$libinit$$00000021) for __rt_lib_init_clock_1
    libinit.o(.ARM.Collect$$libinit$$00000000) refers (Special) to libinit2.o(.ARM.Collect$$libinit$$00000032) for __rt_lib_init_cpp_1
    libinit.o(.ARM.Collect$$libinit$$00000000) refers (Special) to libinit2.o(.ARM.Collect$$libinit$$00000030) for __rt_lib_init_exceptions_1
    libinit.o(.ARM.Collect$$libinit$$00000000) refers (Special) to libinit2.o(.ARM.Collect$$libinit$$00000002) for __rt_lib_init_fp_1
    libinit.o(.ARM.Collect$$libinit$$00000000) refers (Special) to libinit2.o(.ARM.Collect$$libinit$$0000001F) for __rt_lib_init_fp_trap_1
    libinit.o(.ARM.Collect$$libinit$$00000000) refers (Special) to libinit2.o(.ARM.Collect$$libinit$$00000023) for __rt_lib_init_getenv_1
    libinit.o(.ARM.Collect$$libinit$$00000000) refers (Special) to libinit2.o(.ARM.Collect$$libinit$$0000000A) for __rt_lib_init_heap_1
    libinit.o(.ARM.Collect$$libinit$$00000000) refers (Special) to libinit2.o(.ARM.Collect$$libinit$$00000011) for __rt_lib_init_lc_collate_1
    libinit.o(.ARM.Collect$$libinit$$00000000) refers (Special) to libinit2.o(.ARM.Collect$$libinit$$00000013) for __rt_lib_init_lc_ctype_1
    libinit.o(.ARM.Collect$$libinit$$00000000) refers (Special) to libinit2.o(.ARM.Collect$$libinit$$00000015) for __rt_lib_init_lc_monetary_1
    libinit.o(.ARM.Collect$$libinit$$00000000) refers (Special) to libinit2.o(.ARM.Collect$$libinit$$00000017) for __rt_lib_init_lc_numeric_1
    libinit.o(.ARM.Collect$$libinit$$00000000) refers (Special) to libinit2.o(.ARM.Collect$$libinit$$00000019) for __rt_lib_init_lc_time_1
    libinit.o(.ARM.Collect$$libinit$$00000000) refers (Special) to libinit2.o(.ARM.Collect$$libinit$$00000004) for __rt_lib_init_preinit_1
    libinit.o(.ARM.Collect$$libinit$$00000000) refers (Special) to libinit2.o(.ARM.Collect$$libinit$$0000000E) for __rt_lib_init_rand_1
    libinit.o(.ARM.Collect$$libinit$$00000000) refers (Special) to libinit2.o(.ARM.Collect$$libinit$$00000033) for __rt_lib_init_return
    libinit.o(.ARM.Collect$$libinit$$00000000) refers (Special) to libinit2.o(.ARM.Collect$$libinit$$0000001D) for __rt_lib_init_signal_1
    libinit.o(.ARM.Collect$$libinit$$00000000) refers (Special) to libinit2.o(.ARM.Collect$$libinit$$00000025) for __rt_lib_init_stdio_1
    libinit.o(.ARM.Collect$$libinit$$00000000) refers (Special) to libinit2.o(.ARM.Collect$$libinit$$0000000C) for __rt_lib_init_user_alloc_1
    libspace.o(.text) refers to libspace.o(.bss) for __libspace_start
    rtexit.o(.ARM.Collect$$rtexit$$00000000) refers (Special) to rtexit2.o(.ARM.Collect$$rtexit$$00000004) for __rt_exit_exit
    rtexit.o(.ARM.Collect$$rtexit$$00000000) refers (Special) to rtexit2.o(.ARM.Collect$$rtexit$$00000003) for __rt_exit_ls
    rtexit.o(.ARM.Collect$$rtexit$$00000000) refers (Special) to rtexit2.o(.ARM.Collect$$rtexit$$00000002) for __rt_exit_prels_1
    rtexit.o(.ARM.exidx) refers (Special) to rtexit2.o(.ARM.Collect$$rtexit$$00000004) for __rt_exit_exit
    rtexit.o(.ARM.exidx) refers (Special) to rtexit2.o(.ARM.Collect$$rtexit$$00000003) for __rt_exit_ls
    rtexit.o(.ARM.exidx) refers (Special) to rtexit2.o(.ARM.Collect$$rtexit$$00000002) for __rt_exit_prels_1
    rtexit.o(.ARM.exidx) refers to rtexit.o(.ARM.Collect$$rtexit$$00000000) for .ARM.Collect$$rtexit$$00000000
    libinit2.o(.ARM.Collect$$libinit$$00000010) refers to libinit2.o(.ARM.Collect$$libinit$$0000000F) for .ARM.Collect$$libinit$$0000000F
    libinit2.o(.ARM.Collect$$libinit$$00000012) refers to libinit2.o(.ARM.Collect$$libinit$$0000000F) for .ARM.Collect$$libinit$$0000000F
    libinit2.o(.ARM.Collect$$libinit$$00000014) refers to libinit2.o(.ARM.Collect$$libinit$$0000000F) for .ARM.Collect$$libinit$$0000000F
    libinit2.o(.ARM.Collect$$libinit$$00000016) refers to libinit2.o(.ARM.Collect$$libinit$$0000000F) for .ARM.Collect$$libinit$$0000000F
    libinit2.o(.ARM.Collect$$libinit$$00000018) refers to libinit2.o(.ARM.Collect$$libinit$$0000000F) for .ARM.Collect$$libinit$$0000000F
    libinit2.o(.ARM.Collect$$libinit$$00000026) refers to argv_veneer.o(.emb_text) for __ARM_argv_veneer
    libinit2.o(.ARM.Collect$$libinit$$00000027) refers to argv_veneer.o(.emb_text) for __ARM_argv_veneer
    rtexit2.o(.ARM.Collect$$rtexit$$00000003) refers to libshutdown.o(.ARM.Collect$$libshutdown$$00000000) for __rt_lib_shutdown
    rtexit2.o(.ARM.Collect$$rtexit$$00000004) refers to sys_exit.o(.text) for _sys_exit
    rtexit2.o(.ARM.exidx) refers to rtexit2.o(.ARM.Collect$$rtexit$$00000001) for .ARM.Collect$$rtexit$$00000001
    rtexit2.o(.ARM.exidx) refers to rtexit2.o(.ARM.Collect$$rtexit$$00000003) for .ARM.Collect$$rtexit$$00000003
    rtexit2.o(.ARM.exidx) refers to rtexit2.o(.ARM.Collect$$rtexit$$00000004) for .ARM.Collect$$rtexit$$00000004
    argv_veneer.o(.emb_text) refers to _get_argv_nomalloc.o(.text) for __ARM_get_argv
    sys_exit.o(.text) refers (Special) to use_no_semi.o(.text) for __I$use$semihosting
    sys_exit.o(.text) refers (Special) to indicate_semi.o(.text) for __semihosting_library_function
    sys_exit_hlt.o(.text) refers (Special) to use_no_semi.o(.text) for __I$use$semihosting
    sys_exit_hlt.o(.text) refers (Special) to indicate_semi.o(.text) for __semihosting_library_function
    _get_argv_nomalloc.o(.text) refers (Special) to hrguard.o(.text) for __heap_region$guard
    _get_argv_nomalloc.o(.text) refers to defsig_rtmem_outer.o(.text) for __rt_SIGRTMEM
    _get_argv_nomalloc.o(.text) refers to sys_command.o(.text) for _sys_command_string
    libshutdown.o(.ARM.Collect$$libshutdown$$00000000) refers (Special) to libshutdown2.o(.ARM.Collect$$libshutdown$$00000002) for __rt_lib_shutdown_cpp_1
    libshutdown.o(.ARM.Collect$$libshutdown$$00000000) refers (Special) to libshutdown2.o(.ARM.Collect$$libshutdown$$00000007) for __rt_lib_shutdown_fp_trap_1
    libshutdown.o(.ARM.Collect$$libshutdown$$00000000) refers (Special) to libshutdown2.o(.ARM.Collect$$libshutdown$$0000000F) for __rt_lib_shutdown_heap_1
    libshutdown.o(.ARM.Collect$$libshutdown$$00000000) refers (Special) to libshutdown2.o(.ARM.Collect$$libshutdown$$00000010) for __rt_lib_shutdown_return
    libshutdown.o(.ARM.Collect$$libshutdown$$00000000) refers (Special) to libshutdown2.o(.ARM.Collect$$libshutdown$$0000000A) for __rt_lib_shutdown_signal_1
    libshutdown.o(.ARM.Collect$$libshutdown$$00000000) refers (Special) to libshutdown2.o(.ARM.Collect$$libshutdown$$00000004) for __rt_lib_shutdown_stdio_1
    libshutdown.o(.ARM.Collect$$libshutdown$$00000000) refers (Special) to libshutdown2.o(.ARM.Collect$$libshutdown$$0000000C) for __rt_lib_shutdown_user_alloc_1
    sys_command.o(.text) refers (Special) to use_no_semi.o(.text) for __I$use$semihosting
    sys_command.o(.text) refers (Special) to indicate_semi.o(.text) for __semihosting_library_function
    sys_command_hlt.o(.text) refers (Special) to use_no_semi.o(.text) for __I$use$semihosting
    sys_command_hlt.o(.text) refers (Special) to indicate_semi.o(.text) for __semihosting_library_function
    defsig_rtmem_outer.o(.text) refers to defsig_rtmem_inner.o(.text) for __rt_SIGRTMEM_inner
    defsig_rtmem_outer.o(.text) refers to defsig_exit.o(.text) for __sig_exit
    defsig_rtmem_formal.o(.text) refers to rt_raise.o(.text) for __rt_raise
    rt_raise.o(.text) refers to __raise.o(.text) for __raise
    rt_raise.o(.text) refers to sys_exit.o(.text) for _sys_exit
    defsig_exit.o(.text) refers to sys_exit.o(.text) for _sys_exit
    defsig_rtmem_inner.o(.text) refers to defsig_general.o(.text) for __default_signal_display
    __raise.o(.text) refers to defsig.o(CL$$defsig) for __default_signal_handler
    defsig_general.o(.text) refers to sys_wrch.o(.text) for _ttywrch
    sys_wrch.o(.text) refers (Special) to use_no_semi.o(.text) for __I$use$semihosting
    sys_wrch.o(.text) refers (Special) to indicate_semi.o(.text) for __semihosting_library_function
    sys_wrch_hlt.o(.text) refers (Special) to use_no_semi.o(.text) for __I$use$semihosting
    sys_wrch_hlt.o(.text) refers (Special) to indicate_semi.o(.text) for __semihosting_library_function
    defsig.o(CL$$defsig) refers to defsig_rtmem_inner.o(.text) for __rt_SIGRTMEM_inner
    defsig_abrt_inner.o(.text) refers to defsig_general.o(.text) for __default_signal_display
    defsig_fpe_inner.o(.text) refers to defsig_general.o(.text) for __default_signal_display
    defsig_rtred_inner.o(.text) refers to defsig_general.o(.text) for __default_signal_display
    defsig_stak_inner.o(.text) refers to defsig_general.o(.text) for __default_signal_display
    defsig_pvfn_inner.o(.text) refers to defsig_general.o(.text) for __default_signal_display
    defsig_cppl_inner.o(.text) refers to defsig_general.o(.text) for __default_signal_display
    defsig_segv_inner.o(.text) refers to defsig_general.o(.text) for __default_signal_display
    defsig_other.o(.text) refers to defsig_general.o(.text) for __default_signal_display


==============================================================================

Removing Unused input sections from the image.

    Removing misc.o(.text), (0 bytes).
    Removing misc.o(.text.NVIC_PriorityGroupConfig), (20 bytes).
    Removing misc.o(.ARM.exidx.text.NVIC_PriorityGroupConfig), (8 bytes).
    Removing misc.o(.text.NVIC_Init), (94 bytes).
    Removing misc.o(.ARM.exidx.text.NVIC_Init), (8 bytes).
    Removing misc.o(.text.NVIC_SetVectorTable), (24 bytes).
    Removing misc.o(.ARM.exidx.text.NVIC_SetVectorTable), (8 bytes).
    Removing misc.o(.text.NVIC_SystemLPConfig), (24 bytes).
    Removing misc.o(.ARM.exidx.text.NVIC_SystemLPConfig), (8 bytes).
    Removing misc.o(.text.SysTick_CLKSourceConfig), (26 bytes).
    Removing misc.o(.ARM.exidx.text.SysTick_CLKSourceConfig), (8 bytes).
    Removing stm32f10x_exti.o(.text), (0 bytes).
    Removing stm32f10x_exti.o(.text.EXTI_DeInit), (30 bytes).
    Removing stm32f10x_exti.o(.ARM.exidx.text.EXTI_DeInit), (8 bytes).
    Removing stm32f10x_exti.o(.text.EXTI_Init), (104 bytes).
    Removing stm32f10x_exti.o(.ARM.exidx.text.EXTI_Init), (8 bytes).
    Removing stm32f10x_exti.o(.text.EXTI_StructInit), (14 bytes).
    Removing stm32f10x_exti.o(.ARM.exidx.text.EXTI_StructInit), (8 bytes).
    Removing stm32f10x_exti.o(.text.EXTI_GenerateSWInterrupt), (16 bytes).
    Removing stm32f10x_exti.o(.ARM.exidx.text.EXTI_GenerateSWInterrupt), (8 bytes).
    Removing stm32f10x_exti.o(.text.EXTI_GetFlagStatus), (18 bytes).
    Removing stm32f10x_exti.o(.ARM.exidx.text.EXTI_GetFlagStatus), (8 bytes).
    Removing stm32f10x_exti.o(.text.EXTI_ClearFlag), (12 bytes).
    Removing stm32f10x_exti.o(.ARM.exidx.text.EXTI_ClearFlag), (8 bytes).
    Removing stm32f10x_exti.o(.text.EXTI_GetITStatus), (30 bytes).
    Removing stm32f10x_exti.o(.ARM.exidx.text.EXTI_GetITStatus), (8 bytes).
    Removing stm32f10x_exti.o(.text.EXTI_ClearITPendingBit), (12 bytes).
    Removing stm32f10x_exti.o(.ARM.exidx.text.EXTI_ClearITPendingBit), (8 bytes).
    Removing stm32f10x_flash.o(.text), (0 bytes).
    Removing stm32f10x_flash.o(.text.FLASH_SetLatency), (20 bytes).
    Removing stm32f10x_flash.o(.ARM.exidx.text.FLASH_SetLatency), (8 bytes).
    Removing stm32f10x_flash.o(.text.FLASH_HalfCycleAccessCmd), (24 bytes).
    Removing stm32f10x_flash.o(.ARM.exidx.text.FLASH_HalfCycleAccessCmd), (8 bytes).
    Removing stm32f10x_flash.o(.text.FLASH_PrefetchBufferCmd), (24 bytes).
    Removing stm32f10x_flash.o(.ARM.exidx.text.FLASH_PrefetchBufferCmd), (8 bytes).
    Removing stm32f10x_flash.o(.text.FLASH_Unlock), (30 bytes).
    Removing stm32f10x_flash.o(.ARM.exidx.text.FLASH_Unlock), (8 bytes).
    Removing stm32f10x_flash.o(.text.FLASH_UnlockBank1), (30 bytes).
    Removing stm32f10x_flash.o(.ARM.exidx.text.FLASH_UnlockBank1), (8 bytes).
    Removing stm32f10x_flash.o(.text.FLASH_Lock), (18 bytes).
    Removing stm32f10x_flash.o(.ARM.exidx.text.FLASH_Lock), (8 bytes).
    Removing stm32f10x_flash.o(.text.FLASH_LockBank1), (18 bytes).
    Removing stm32f10x_flash.o(.ARM.exidx.text.FLASH_LockBank1), (8 bytes).
    Removing stm32f10x_flash.o(.text.FLASH_ErasePage), (64 bytes).
    Removing stm32f10x_flash.o(.ARM.exidx.text.FLASH_ErasePage), (8 bytes).
    Removing stm32f10x_flash.o(.text.FLASH_WaitForLastOperation), (32 bytes).
    Removing stm32f10x_flash.o(.ARM.exidx.text.FLASH_WaitForLastOperation), (8 bytes).
    Removing stm32f10x_flash.o(.text.FLASH_EraseAllPages), (60 bytes).
    Removing stm32f10x_flash.o(.ARM.exidx.text.FLASH_EraseAllPages), (8 bytes).
    Removing stm32f10x_flash.o(.text.FLASH_EraseAllBank1Pages), (60 bytes).
    Removing stm32f10x_flash.o(.ARM.exidx.text.FLASH_EraseAllBank1Pages), (8 bytes).
    Removing stm32f10x_flash.o(.text.FLASH_WaitForLastBank1Operation), (32 bytes).
    Removing stm32f10x_flash.o(.ARM.exidx.text.FLASH_WaitForLastBank1Operation), (8 bytes).
    Removing stm32f10x_flash.o(.text.FLASH_EraseOptionBytes), (156 bytes).
    Removing stm32f10x_flash.o(.ARM.exidx.text.FLASH_EraseOptionBytes), (8 bytes).
    Removing stm32f10x_flash.o(.text.FLASH_GetReadOutProtectionStatus), (16 bytes).
    Removing stm32f10x_flash.o(.ARM.exidx.text.FLASH_GetReadOutProtectionStatus), (8 bytes).
    Removing stm32f10x_flash.o(.text.FLASH_ProgramWord), (86 bytes).
    Removing stm32f10x_flash.o(.ARM.exidx.text.FLASH_ProgramWord), (8 bytes).
    Removing stm32f10x_flash.o(.text.FLASH_ProgramHalfWord), (58 bytes).
    Removing stm32f10x_flash.o(.ARM.exidx.text.FLASH_ProgramHalfWord), (8 bytes).
    Removing stm32f10x_flash.o(.text.FLASH_ProgramOptionByteData), (86 bytes).
    Removing stm32f10x_flash.o(.ARM.exidx.text.FLASH_ProgramOptionByteData), (8 bytes).
    Removing stm32f10x_flash.o(.text.FLASH_EnableWriteProtection), (178 bytes).
    Removing stm32f10x_flash.o(.ARM.exidx.text.FLASH_EnableWriteProtection), (8 bytes).
    Removing stm32f10x_flash.o(.text.FLASH_ReadOutProtection), (154 bytes).
    Removing stm32f10x_flash.o(.ARM.exidx.text.FLASH_ReadOutProtection), (8 bytes).
    Removing stm32f10x_flash.o(.text.FLASH_UserOptionByteConfig), (108 bytes).
    Removing stm32f10x_flash.o(.ARM.exidx.text.FLASH_UserOptionByteConfig), (8 bytes).
    Removing stm32f10x_flash.o(.text.FLASH_GetUserOptionByte), (14 bytes).
    Removing stm32f10x_flash.o(.ARM.exidx.text.FLASH_GetUserOptionByte), (8 bytes).
    Removing stm32f10x_flash.o(.text.FLASH_GetWriteProtectionOptionByte), (12 bytes).
    Removing stm32f10x_flash.o(.ARM.exidx.text.FLASH_GetWriteProtectionOptionByte), (8 bytes).
    Removing stm32f10x_flash.o(.text.FLASH_GetPrefetchBufferStatus), (16 bytes).
    Removing stm32f10x_flash.o(.ARM.exidx.text.FLASH_GetPrefetchBufferStatus), (8 bytes).
    Removing stm32f10x_flash.o(.text.FLASH_ITConfig), (24 bytes).
    Removing stm32f10x_flash.o(.ARM.exidx.text.FLASH_ITConfig), (8 bytes).
    Removing stm32f10x_flash.o(.text.FLASH_GetFlagStatus), (30 bytes).
    Removing stm32f10x_flash.o(.ARM.exidx.text.FLASH_GetFlagStatus), (8 bytes).
    Removing stm32f10x_flash.o(.text.FLASH_ClearFlag), (12 bytes).
    Removing stm32f10x_flash.o(.ARM.exidx.text.FLASH_ClearFlag), (8 bytes).
    Removing stm32f10x_flash.o(.text.FLASH_GetStatus), (42 bytes).
    Removing stm32f10x_flash.o(.ARM.exidx.text.FLASH_GetStatus), (8 bytes).
    Removing stm32f10x_flash.o(.text.FLASH_GetBank1Status), (42 bytes).
    Removing stm32f10x_flash.o(.ARM.exidx.text.FLASH_GetBank1Status), (8 bytes).
    Removing stm32f10x_rcc.o(.text), (0 bytes).
    Removing stm32f10x_rcc.o(.text.RCC_DeInit), (66 bytes).
    Removing stm32f10x_rcc.o(.ARM.exidx.text.RCC_DeInit), (8 bytes).
    Removing stm32f10x_rcc.o(.text.RCC_HSEConfig), (50 bytes).
    Removing stm32f10x_rcc.o(.ARM.exidx.text.RCC_HSEConfig), (8 bytes).
    Removing stm32f10x_rcc.o(.text.RCC_WaitForHSEStartUp), (48 bytes).
    Removing stm32f10x_rcc.o(.ARM.exidx.text.RCC_WaitForHSEStartUp), (8 bytes).
    Removing stm32f10x_rcc.o(.text.RCC_GetFlagStatus), (42 bytes).
    Removing stm32f10x_rcc.o(.ARM.exidx.text.RCC_GetFlagStatus), (8 bytes).
    Removing stm32f10x_rcc.o(.text.RCC_AdjustHSICalibrationValue), (22 bytes).
    Removing stm32f10x_rcc.o(.ARM.exidx.text.RCC_AdjustHSICalibrationValue), (8 bytes).
    Removing stm32f10x_rcc.o(.text.RCC_HSICmd), (10 bytes).
    Removing stm32f10x_rcc.o(.ARM.exidx.text.RCC_HSICmd), (8 bytes).
    Removing stm32f10x_rcc.o(.text.RCC_PLLConfig), (22 bytes).
    Removing stm32f10x_rcc.o(.ARM.exidx.text.RCC_PLLConfig), (8 bytes).
    Removing stm32f10x_rcc.o(.text.RCC_PLLCmd), (10 bytes).
    Removing stm32f10x_rcc.o(.ARM.exidx.text.RCC_PLLCmd), (8 bytes).
    Removing stm32f10x_rcc.o(.text.RCC_SYSCLKConfig), (20 bytes).
    Removing stm32f10x_rcc.o(.ARM.exidx.text.RCC_SYSCLKConfig), (8 bytes).
    Removing stm32f10x_rcc.o(.text.RCC_GetSYSCLKSource), (16 bytes).
    Removing stm32f10x_rcc.o(.ARM.exidx.text.RCC_GetSYSCLKSource), (8 bytes).
    Removing stm32f10x_rcc.o(.text.RCC_HCLKConfig), (20 bytes).
    Removing stm32f10x_rcc.o(.ARM.exidx.text.RCC_HCLKConfig), (8 bytes).
    Removing stm32f10x_rcc.o(.text.RCC_PCLK1Config), (20 bytes).
    Removing stm32f10x_rcc.o(.ARM.exidx.text.RCC_PCLK1Config), (8 bytes).
    Removing stm32f10x_rcc.o(.text.RCC_PCLK2Config), (22 bytes).
    Removing stm32f10x_rcc.o(.ARM.exidx.text.RCC_PCLK2Config), (8 bytes).
    Removing stm32f10x_rcc.o(.text.RCC_ITConfig), (24 bytes).
    Removing stm32f10x_rcc.o(.ARM.exidx.text.RCC_ITConfig), (8 bytes).
    Removing stm32f10x_rcc.o(.text.RCC_USBCLKConfig), (10 bytes).
    Removing stm32f10x_rcc.o(.ARM.exidx.text.RCC_USBCLKConfig), (8 bytes).
    Removing stm32f10x_rcc.o(.text.RCC_ADCCLKConfig), (20 bytes).
    Removing stm32f10x_rcc.o(.ARM.exidx.text.RCC_ADCCLKConfig), (8 bytes).
    Removing stm32f10x_rcc.o(.text.RCC_LSEConfig), (30 bytes).
    Removing stm32f10x_rcc.o(.ARM.exidx.text.RCC_LSEConfig), (8 bytes).
    Removing stm32f10x_rcc.o(.text.RCC_LSICmd), (12 bytes).
    Removing stm32f10x_rcc.o(.ARM.exidx.text.RCC_LSICmd), (8 bytes).
    Removing stm32f10x_rcc.o(.text.RCC_RTCCLKConfig), (16 bytes).
    Removing stm32f10x_rcc.o(.ARM.exidx.text.RCC_RTCCLKConfig), (8 bytes).
    Removing stm32f10x_rcc.o(.text.RCC_RTCCLKCmd), (12 bytes).
    Removing stm32f10x_rcc.o(.ARM.exidx.text.RCC_RTCCLKCmd), (8 bytes).
    Removing stm32f10x_rcc.o(.text.RCC_GetClocksFreq), (160 bytes).
    Removing stm32f10x_rcc.o(.ARM.exidx.text.RCC_GetClocksFreq), (8 bytes).
    Removing stm32f10x_rcc.o(.text.RCC_AHBPeriphClockCmd), (24 bytes).
    Removing stm32f10x_rcc.o(.ARM.exidx.text.RCC_AHBPeriphClockCmd), (8 bytes).
    Removing stm32f10x_rcc.o(.text.RCC_APB2PeriphClockCmd), (24 bytes).
    Removing stm32f10x_rcc.o(.ARM.exidx.text.RCC_APB2PeriphClockCmd), (8 bytes).
    Removing stm32f10x_rcc.o(.text.RCC_APB1PeriphClockCmd), (24 bytes).
    Removing stm32f10x_rcc.o(.ARM.exidx.text.RCC_APB1PeriphClockCmd), (8 bytes).
    Removing stm32f10x_rcc.o(.text.RCC_APB2PeriphResetCmd), (24 bytes).
    Removing stm32f10x_rcc.o(.ARM.exidx.text.RCC_APB2PeriphResetCmd), (8 bytes).
    Removing stm32f10x_rcc.o(.text.RCC_APB1PeriphResetCmd), (24 bytes).
    Removing stm32f10x_rcc.o(.ARM.exidx.text.RCC_APB1PeriphResetCmd), (8 bytes).
    Removing stm32f10x_rcc.o(.text.RCC_BackupResetCmd), (12 bytes).
    Removing stm32f10x_rcc.o(.ARM.exidx.text.RCC_BackupResetCmd), (8 bytes).
    Removing stm32f10x_rcc.o(.text.RCC_ClockSecuritySystemCmd), (10 bytes).
    Removing stm32f10x_rcc.o(.ARM.exidx.text.RCC_ClockSecuritySystemCmd), (8 bytes).
    Removing stm32f10x_rcc.o(.text.RCC_MCOConfig), (12 bytes).
    Removing stm32f10x_rcc.o(.ARM.exidx.text.RCC_MCOConfig), (8 bytes).
    Removing stm32f10x_rcc.o(.text.RCC_ClearFlag), (18 bytes).
    Removing stm32f10x_rcc.o(.ARM.exidx.text.RCC_ClearFlag), (8 bytes).
    Removing stm32f10x_rcc.o(.text.RCC_GetITStatus), (18 bytes).
    Removing stm32f10x_rcc.o(.ARM.exidx.text.RCC_GetITStatus), (8 bytes).
    Removing stm32f10x_rcc.o(.text.RCC_ClearITPendingBit), (12 bytes).
    Removing stm32f10x_rcc.o(.ARM.exidx.text.RCC_ClearITPendingBit), (8 bytes).
    Removing stm32f10x_rcc.o(.rodata.APBAHBPrescTable), (16 bytes).
    Removing stm32f10x_rcc.o(.rodata.ADCPrescTable), (4 bytes).
    Removing stm32f10x_usart.o(.text), (0 bytes).
    Removing stm32f10x_usart.o(.text.USART_DeInit), (174 bytes).
    Removing stm32f10x_usart.o(.ARM.exidx.text.USART_DeInit), (8 bytes).
    Removing stm32f10x_usart.o(.text.USART_Init), (178 bytes).
    Removing stm32f10x_usart.o(.ARM.exidx.text.USART_Init), (8 bytes).
    Removing stm32f10x_usart.o(.text.USART_StructInit), (18 bytes).
    Removing stm32f10x_usart.o(.ARM.exidx.text.USART_StructInit), (8 bytes).
    Removing stm32f10x_usart.o(.text.USART_ClockInit), (34 bytes).
    Removing stm32f10x_usart.o(.ARM.exidx.text.USART_ClockInit), (8 bytes).
    Removing stm32f10x_usart.o(.text.USART_ClockStructInit), (8 bytes).
    Removing stm32f10x_usart.o(.ARM.exidx.text.USART_ClockStructInit), (8 bytes).
    Removing stm32f10x_usart.o(.text.USART_Cmd), (18 bytes).
    Removing stm32f10x_usart.o(.ARM.exidx.text.USART_Cmd), (8 bytes).
    Removing stm32f10x_usart.o(.text.USART_ITConfig), (46 bytes).
    Removing stm32f10x_usart.o(.ARM.exidx.text.USART_ITConfig), (8 bytes).
    Removing stm32f10x_usart.o(.text.USART_DMACmd), (16 bytes).
    Removing stm32f10x_usart.o(.ARM.exidx.text.USART_DMACmd), (8 bytes).
    Removing stm32f10x_usart.o(.text.USART_SetAddress), (16 bytes).
    Removing stm32f10x_usart.o(.ARM.exidx.text.USART_SetAddress), (8 bytes).
    Removing stm32f10x_usart.o(.text.USART_WakeUpConfig), (16 bytes).
    Removing stm32f10x_usart.o(.ARM.exidx.text.USART_WakeUpConfig), (8 bytes).
    Removing stm32f10x_usart.o(.text.USART_ReceiverWakeUpCmd), (18 bytes).
    Removing stm32f10x_usart.o(.ARM.exidx.text.USART_ReceiverWakeUpCmd), (8 bytes).
    Removing stm32f10x_usart.o(.text.USART_LINBreakDetectLengthConfig), (16 bytes).
    Removing stm32f10x_usart.o(.ARM.exidx.text.USART_LINBreakDetectLengthConfig), (8 bytes).
    Removing stm32f10x_usart.o(.text.USART_LINCmd), (18 bytes).
    Removing stm32f10x_usart.o(.ARM.exidx.text.USART_LINCmd), (8 bytes).
    Removing stm32f10x_usart.o(.text.USART_SendData), (8 bytes).
    Removing stm32f10x_usart.o(.ARM.exidx.text.USART_SendData), (8 bytes).
    Removing stm32f10x_usart.o(.text.USART_ReceiveData), (8 bytes).
    Removing stm32f10x_usart.o(.ARM.exidx.text.USART_ReceiveData), (8 bytes).
    Removing stm32f10x_usart.o(.text.USART_SendBreak), (10 bytes).
    Removing stm32f10x_usart.o(.ARM.exidx.text.USART_SendBreak), (8 bytes).
    Removing stm32f10x_usart.o(.text.USART_SetGuardTime), (16 bytes).
    Removing stm32f10x_usart.o(.ARM.exidx.text.USART_SetGuardTime), (8 bytes).
    Removing stm32f10x_usart.o(.text.USART_SetPrescaler), (16 bytes).
    Removing stm32f10x_usart.o(.ARM.exidx.text.USART_SetPrescaler), (8 bytes).
    Removing stm32f10x_usart.o(.text.USART_SmartCardCmd), (18 bytes).
    Removing stm32f10x_usart.o(.ARM.exidx.text.USART_SmartCardCmd), (8 bytes).
    Removing stm32f10x_usart.o(.text.USART_SmartCardNACKCmd), (18 bytes).
    Removing stm32f10x_usart.o(.ARM.exidx.text.USART_SmartCardNACKCmd), (8 bytes).
    Removing stm32f10x_usart.o(.text.USART_HalfDuplexCmd), (18 bytes).
    Removing stm32f10x_usart.o(.ARM.exidx.text.USART_HalfDuplexCmd), (8 bytes).
    Removing stm32f10x_usart.o(.text.USART_OverSampling8Cmd), (20 bytes).
    Removing stm32f10x_usart.o(.ARM.exidx.text.USART_OverSampling8Cmd), (8 bytes).
    Removing stm32f10x_usart.o(.text.USART_OneBitMethodCmd), (18 bytes).
    Removing stm32f10x_usart.o(.ARM.exidx.text.USART_OneBitMethodCmd), (8 bytes).
    Removing stm32f10x_usart.o(.text.USART_IrDAConfig), (16 bytes).
    Removing stm32f10x_usart.o(.ARM.exidx.text.USART_IrDAConfig), (8 bytes).
    Removing stm32f10x_usart.o(.text.USART_IrDACmd), (18 bytes).
    Removing stm32f10x_usart.o(.ARM.exidx.text.USART_IrDACmd), (8 bytes).
    Removing stm32f10x_usart.o(.text.USART_GetFlagStatus), (10 bytes).
    Removing stm32f10x_usart.o(.ARM.exidx.text.USART_GetFlagStatus), (8 bytes).
    Removing stm32f10x_usart.o(.text.USART_ClearFlag), (6 bytes).
    Removing stm32f10x_usart.o(.ARM.exidx.text.USART_ClearFlag), (8 bytes).
    Removing stm32f10x_usart.o(.text.USART_GetITStatus), (58 bytes).
    Removing stm32f10x_usart.o(.ARM.exidx.text.USART_GetITStatus), (8 bytes).
    Removing stm32f10x_usart.o(.text.USART_ClearITPendingBit), (14 bytes).
    Removing stm32f10x_usart.o(.ARM.exidx.text.USART_ClearITPendingBit), (8 bytes).
    Removing dma_stm32f10x.o(.text), (0 bytes).
    Removing dma_stm32f10x.o(.text.DMA_ChannelInitialize), (166 bytes).
    Removing dma_stm32f10x.o(.ARM.exidx.text.DMA_ChannelInitialize), (8 bytes).
    Removing dma_stm32f10x.o(.text.__NVIC_ClearPendingIRQ), (32 bytes).
    Removing dma_stm32f10x.o(.ARM.exidx.text.__NVIC_ClearPendingIRQ), (8 bytes).
    Removing dma_stm32f10x.o(.text.__NVIC_EnableIRQ), (32 bytes).
    Removing dma_stm32f10x.o(.ARM.exidx.text.__NVIC_EnableIRQ), (8 bytes).
    Removing dma_stm32f10x.o(.text.DMA_ChannelUninitialize), (200 bytes).
    Removing dma_stm32f10x.o(.ARM.exidx.text.DMA_ChannelUninitialize), (8 bytes).
    Removing dma_stm32f10x.o(.text.__NVIC_DisableIRQ), (40 bytes).
    Removing dma_stm32f10x.o(.ARM.exidx.text.__NVIC_DisableIRQ), (8 bytes).
    Removing dma_stm32f10x.o(.ARM.exidx.text.DMA1_Channel1_Event), (8 bytes).
    Removing dma_stm32f10x.o(.ARM.exidx.text.DMA1_Channel2_Event), (8 bytes).
    Removing dma_stm32f10x.o(.ARM.exidx.text.DMA1_Channel3_Event), (8 bytes).
    Removing dma_stm32f10x.o(.ARM.exidx.text.DMA1_Channel4_Event), (8 bytes).
    Removing dma_stm32f10x.o(.ARM.exidx.text.DMA1_Channel5_Event), (8 bytes).
    Removing dma_stm32f10x.o(.ARM.exidx.text.DMA1_Channel6_Event), (8 bytes).
    Removing dma_stm32f10x.o(.ARM.exidx.text.DMA1_Channel7_Event), (8 bytes).
    Removing dma_stm32f10x.o(.ARM.exidx.text.DMA1_Channel1_IRQHandler), (8 bytes).
    Removing dma_stm32f10x.o(.ARM.exidx.text.DMA1_Channel2_IRQHandler), (8 bytes).
    Removing dma_stm32f10x.o(.ARM.exidx.text.DMA1_Channel3_IRQHandler), (8 bytes).
    Removing dma_stm32f10x.o(.ARM.exidx.text.DMA1_Channel4_IRQHandler), (8 bytes).
    Removing dma_stm32f10x.o(.ARM.exidx.text.DMA1_Channel5_IRQHandler), (8 bytes).
    Removing dma_stm32f10x.o(.ARM.exidx.text.DMA1_Channel6_IRQHandler), (8 bytes).
    Removing dma_stm32f10x.o(.ARM.exidx.text.DMA1_Channel7_IRQHandler), (8 bytes).
    Removing dma_stm32f10x.o(.bss.DMA1_Channel), (1 bytes).
    Removing gpio_stm32f10x.o(.text), (0 bytes).
    Removing gpio_stm32f10x.o(.text.GPIO_PortClock), (334 bytes).
    Removing gpio_stm32f10x.o(.ARM.exidx.text.GPIO_PortClock), (8 bytes).
    Removing gpio_stm32f10x.o(.text.GPIO_GetPortClockState), (72 bytes).
    Removing gpio_stm32f10x.o(.ARM.exidx.text.GPIO_GetPortClockState), (8 bytes).
    Removing gpio_stm32f10x.o(.text.GPIO_PinConfigure), (124 bytes).
    Removing gpio_stm32f10x.o(.ARM.exidx.text.GPIO_PinConfigure), (8 bytes).
    Removing gpio_stm32f10x.o(.text.GPIO_AFConfigure), (124 bytes).
    Removing gpio_stm32f10x.o(.ARM.exidx.text.GPIO_AFConfigure), (8 bytes).
    Removing system_stm32f10x.o(.text), (0 bytes).
    Removing system_stm32f10x.o(.ARM.exidx.text.SystemInit), (8 bytes).
    Removing system_stm32f10x.o(.ARM.exidx.text.SetSysClock), (8 bytes).
    Removing system_stm32f10x.o(.text.SystemCoreClockUpdate), (110 bytes).
    Removing system_stm32f10x.o(.ARM.exidx.text.SystemCoreClockUpdate), (8 bytes).
    Removing system_stm32f10x.o(.ARM.exidx.text.SetSysClockTo72), (8 bytes).
    Removing system_stm32f10x.o(.data.SystemCoreClock), (4 bytes).
    Removing system_stm32f10x.o(.rodata.AHBPrescTable), (16 bytes).

254 unused section(s) (total 5879 bytes) removed from the image.
